

================================================================
== Vivado HLS Report for 'blur_Loop_1_proc'
================================================================
* Date:           Thu Nov 30 23:34:10 2017

* Version:        2015.4 (Build 1412921 on Wed Nov 18 09:58:55 AM 2015)
* Project:        medium_maxi
* Solution:       solution1
* Product family: zynq
* Target device:  xc7z020clg484-1


================================================================
== Performance Estimates
================================================================
+ Timing (ns): 
    * Summary: 
    +--------+-------+----------+------------+
    |  Clock | Target| Estimated| Uncertainty|
    +--------+-------+----------+------------+
    |ap_clk  |  10.00|      4.11|        1.25|
    +--------+-------+----------+------------+

+ Latency (clock cycles): 
    * Summary: 
    +-----+-----+-----+-----+---------+
    |  Latency  |  Interval | Pipeline|
    | min | max | min | max |   Type  |
    +-----+-----+-----+-----+---------+
    |   25|   25|   25|   25|   none  |
    +-----+-----+-----+-----+---------+

    + Detail: 
        * Instance: 
        N/A

        * Loop: 
        +-------------+-----+-----+----------+-----------+-----------+------+----------+
        |             |  Latency  | Iteration|  Initiation Interval  | Trip |          |
        |  Loop Name  | min | max |  Latency |  achieved |   target  | Count| Pipelined|
        +-------------+-----+-----+----------+-----------+-----------+------+----------+
        |- Loop 1     |   24|   24|         8|          -|          -|     3|    no    |
        | + Loop 1.1  |    6|    6|         2|          -|          -|     3|    no    |
        +-------------+-----+-----+----------+-----------+-----------+------+----------+



================================================================
== Utilization Estimates
================================================================
* Summary: 
+-----------------+---------+-------+--------+-------+
|       Name      | BRAM_18K| DSP48E|   FF   |  LUT  |
+-----------------+---------+-------+--------+-------+
|DSP              |        -|      -|       -|      -|
|Expression       |        -|      -|       0|     17|
|FIFO             |        -|      -|       -|      -|
|Instance         |        -|      -|       -|      -|
|Memory           |        0|      -|       3|      1|
|Multiplexer      |        -|      -|       -|      5|
|Register         |        -|      -|      90|      -|
+-----------------+---------+-------+--------+-------+
|Total            |        0|      0|      93|     23|
+-----------------+---------+-------+--------+-------+
|Available        |      280|    220|  106400|  53200|
+-----------------+---------+-------+--------+-------+
|Utilization (%)  |        0|      0|   ~0   |   ~0  |
+-----------------+---------+-------+--------+-------+

+ Detail: 
    * Instance: 
    N/A

    * DSP48: 
    N/A

    * Memory: 
    +----------------+-------------------------------+---------+---+----+------+-----+------+-------------+
    |     Memory     |             Module            | BRAM_18K| FF| LUT| Words| Bits| Banks| W*Bits*Banks|
    +----------------+-------------------------------+---------+---+----+------+-----+------+-------------+
    |coefficients_U  |blur_Loop_1_proc_coefficients  |        0|  3|   1|     9|    3|     1|           27|
    +----------------+-------------------------------+---------+---+----+------+-----+------+-------------+
    |Total           |                               |        0|  3|   1|     9|    3|     1|           27|
    +----------------+-------------------------------+---------+---+----+------+-----+------+-------------+

    * FIFO: 
    N/A

    * Expression: 
    +--------------------+----------+-------+---+----+------------+------------+
    |    Variable Name   | Operation| DSP48E| FF| LUT| Bitwidth P0| Bitwidth P1|
    +--------------------+----------+-------+---+----+------------+------------+
    |i_1_fu_98_p2        |     +    |      0|  0|   2|           2|           1|
    |j_1_fu_213_p2       |     +    |      0|  0|   2|           2|           1|
    |tmp_4_fu_223_p2     |     +    |      0|  0|   5|           5|           5|
    |tmp_3_fu_120_p2     |     -    |      0|  0|   5|           5|           5|
    |exitcond1_fu_92_p2  |   icmp   |      0|  0|   1|           2|           2|
    |exitcond_fu_207_p2  |   icmp   |      0|  0|   1|           2|           2|
    |ap_sig_bdd_82       |    or    |      0|  0|   1|           1|           1|
    +--------------------+----------+-------+---+----+------------+------------+
    |Total               |          |      0|  0|  17|          19|          17|
    +--------------------+----------+-------+---+----+------------+------------+

    * Multiplexer: 
    +-----------+----+-----------+-----+-----------+
    |    Name   | LUT| Input Size| Bits| Total Bits|
    +-----------+----+-----------+-----+-----------+
    |ap_NS_fsm  |   1|          5|    1|          5|
    |i_reg_68   |   2|          2|    2|          4|
    |j_reg_80   |   2|          2|    2|          4|
    +-----------+----+-----------+-----+-----------+
    |Total      |   5|          9|    5|         13|
    +-----------+----+-----------+-----+-----------+

    * Register: 
    +------------------------+---+----+-----+-----------+
    |          Name          | FF| LUT| Bits| Const Bits|
    +------------------------+---+----+-----+-----------+
    |ap_CS_fsm               |  4|   0|    4|          0|
    |ap_done_reg             |  1|   0|    1|          0|
    |i_1_reg_339             |  2|   0|    2|          0|
    |i_reg_68                |  2|   0|    2|          0|
    |j_1_reg_352             |  2|   0|    2|          0|
    |j_reg_80                |  2|   0|    2|          0|
    |kernel_val_0_0_s_fu_28  |  8|   0|    8|          0|
    |kernel_val_0_1_s_fu_40  |  8|   0|    8|          0|
    |kernel_val_0_2_s_fu_52  |  8|   0|    8|          0|
    |kernel_val_1_0_s_fu_48  |  8|   0|    8|          0|
    |kernel_val_1_1_s_fu_44  |  8|   0|    8|          0|
    |kernel_val_1_2_s_fu_36  |  8|   0|    8|          0|
    |kernel_val_2_0_s_fu_32  |  8|   0|    8|          0|
    |kernel_val_2_1_s_fu_24  |  8|   0|    8|          0|
    |kernel_val_2_2_s_fu_20  |  8|   0|    8|          0|
    |tmp_3_reg_344           |  5|   0|    5|          0|
    +------------------------+---+----+-----+-----------+
    |Total                   | 90|   0|   90|          0|
    +------------------------+---+----+-----+-----------+



================================================================
== Interface
================================================================
* Summary: 
+-------------+-----+-----+------------+------------------+--------------+
|  RTL Ports  | Dir | Bits|  Protocol  |   Source Object  |    C Type    |
+-------------+-----+-----+------------+------------------+--------------+
|ap_clk       |  in |    1| ap_ctrl_hs | blur_Loop_1_proc | return value |
|ap_rst       |  in |    1| ap_ctrl_hs | blur_Loop_1_proc | return value |
|ap_start     |  in |    1| ap_ctrl_hs | blur_Loop_1_proc | return value |
|ap_done      | out |    1| ap_ctrl_hs | blur_Loop_1_proc | return value |
|ap_continue  |  in |    1| ap_ctrl_hs | blur_Loop_1_proc | return value |
|ap_idle      | out |    1| ap_ctrl_hs | blur_Loop_1_proc | return value |
|ap_ready     | out |    1| ap_ctrl_hs | blur_Loop_1_proc | return value |
|ap_return_0  | out |    8| ap_ctrl_hs | blur_Loop_1_proc | return value |
|ap_return_1  | out |    8| ap_ctrl_hs | blur_Loop_1_proc | return value |
|ap_return_2  | out |    8| ap_ctrl_hs | blur_Loop_1_proc | return value |
|ap_return_3  | out |    8| ap_ctrl_hs | blur_Loop_1_proc | return value |
|ap_return_4  | out |    8| ap_ctrl_hs | blur_Loop_1_proc | return value |
|ap_return_5  | out |    8| ap_ctrl_hs | blur_Loop_1_proc | return value |
|ap_return_6  | out |    8| ap_ctrl_hs | blur_Loop_1_proc | return value |
|ap_return_7  | out |    8| ap_ctrl_hs | blur_Loop_1_proc | return value |
|ap_return_8  | out |    8| ap_ctrl_hs | blur_Loop_1_proc | return value |
+-------------+-----+-----+------------+------------------+--------------+

