

================================================================
== Vivado HLS Report for 'blur_Mat2AXIM'
================================================================
* Date:           Thu Nov 30 23:34:09 2017

* Version:        2015.4 (Build 1412921 on Wed Nov 18 09:58:55 AM 2015)
* Project:        medium_maxi
* Solution:       solution1
* Product family: zynq
* Target device:  xc7z020clg484-1


================================================================
== Performance Estimates
================================================================
+ Timing (ns): 
    * Summary: 
    +--------+-------+----------+------------+
    |  Clock | Target| Estimated| Uncertainty|
    +--------+-------+----------+------------+
    |ap_clk  |  10.00|      8.75|        1.25|
    +--------+-------+----------+------------+

+ Latency (clock cycles): 
    * Summary: 
    +---------+---------+---------+---------+---------+
    |      Latency      |      Interval     | Pipeline|
    |   min   |   max   |   min   |   max   |   Type  |
    +---------+---------+---------+---------+---------+
    |  2083322|  2083322|  2083322|  2083322|   none  |
    +---------+---------+---------+---------+---------+

    + Detail: 
        * Instance: 
        N/A

        * Loop: 
        N/A

============================================================
+ Verbose Summary: Synthesis Manager
============================================================
InlineROM: 1
ExposeGlobal: 0
============================================================
+ Verbose Summary: CDFG Model
============================================================
IsTopModel: 0
ResetActiveHigh: 1
IsCombinational: 2
IsDatapathOnly: 0
HasWiredReturn: 1
HasMFsm: 0
HasVarLatency: 1
IsPipeline: 0
IsRtlPipelined: 0
IsInstanceOverlapped: 0
IsDontTouch: 0
HasImplIP: 0
IsGatedGlobalClock: 0


============================================================
+ Verbose Summary: Schedule
============================================================
* Number of FSM states: 2
* Pipeline: 0
* Dataflow Pipeline: 0

* FSM state transitions: 
1 --> 
	2  / true
2 --> 
* FSM state operations: 

 <State 1>: 4.38ns
ST_1: image_out_read [1/1] 4.38ns
entry:3  %image_out_read = call i32 @_ssdm_op_Read.ap_fifo.i32P(i32* %image_out)

ST_1: stg_4 [2/2] 0.00ns
entry:6  call fastcc void @blur_Mat2Array(i8* %img_data_stream_V, i8* %fb, i32 %image_out_read)


 <State 2>: 0.00ns
ST_2: stg_5 [1/1] 0.00ns
entry:0  call void (...)* @_ssdm_op_SpecInterface(i8* %img_data_stream_V, [8 x i8]* @ap_fifo_str, i32 0, i32 0, i32 0, i32 0, [1 x i8]* @p_str, [1 x i8]* @p_str, [1 x i8]* @p_str, [1 x i8]* @p_str)

ST_2: stg_6 [1/1] 0.00ns
entry:1  call void (...)* @_ssdm_op_SpecInterface(i8* %fb, [6 x i8]* @p_str1805, i32 0, i32 0, i32 0, i32 2073600, [9 x i8]* @p_str1806, [6 x i8]* @p_str1807, [1 x i8]* @p_str1808, [1 x i8]* @p_str1808)

ST_2: stg_7 [1/1] 0.00ns
entry:2  call void (...)* @_ssdm_op_SpecInterface(i32* %image_out, [8 x i8]* @ap_fifo_str, i32 0, i32 0, i32 0, i32 0, [1 x i8]* @p_str, [1 x i8]* @p_str, [1 x i8]* @p_str, [1 x i8]* @p_str)

ST_2: stg_8 [1/1] 0.00ns
entry:4  call void (...)* @_ssdm_op_SpecInterface(i8* %img_data_stream_V, [8 x i8]* @ap_fifo_str, i32 0, i32 0, i32 0, i32 0, [1 x i8]* @p_str, [1 x i8]* @p_str, [1 x i8]* @p_str, [1 x i8]* @p_str)

ST_2: stg_9 [1/1] 0.00ns
entry:5  call void (...)* @_ssdm_op_SpecInterface(i8* %fb, [6 x i8]* @p_str1805, i32 0, i32 0, i32 0, i32 2073600, [9 x i8]* @p_str1806, [6 x i8]* @p_str1807, [1 x i8]* @p_str1808, [1 x i8]* @p_str1808)

ST_2: stg_10 [1/2] 0.00ns
entry:6  call fastcc void @blur_Mat2Array(i8* %img_data_stream_V, i8* %fb, i32 %image_out_read)

ST_2: stg_11 [1/1] 0.00ns
entry:7  ret void



============================================================
+ Verbose Summary: Binding
============================================================
N/A
* FSMD analyzer results:
  - Output states:
  - Chain level:
	State 1
	State 2


============================================================
+ Verbose Summary: Datapath Resource usage 
============================================================
N/A
